Automated update on Thu Jan 29 02:00:28 UTC 2026
Automated update on Fri Jan 30 02:01:16 UTC 2026
Automated update on Sat Jan 31 01:56:58 UTC 2026
Automated update on Sun Feb  1 02:24:50 UTC 2026
Automated update on Mon Feb  2 02:09:01 UTC 2026
Automated update on Tue Feb  3 02:07:07 UTC 2026
Automated update on Wed Feb  4 02:02:10 UTC 2026
Automated update on Thu Feb  5 02:03:41 UTC 2026
Automated update on Fri Feb  6 02:03:32 UTC 2026
Automated update on Sat Feb  7 01:59:18 UTC 2026
Automated update on Sun Feb  8 02:32:49 UTC 2026
Automated update on Mon Feb  9 02:10:46 UTC 2026
Automated update on Tue Feb 10 02:27:02 UTC 2026
Automated update on Wed Feb 11 02:23:52 UTC 2026
Automated update on Thu Feb 12 02:10:08 UTC 2026
Automated update on Fri Feb 13 02:12:36 UTC 2026
Automated update on Sat Feb 14 02:01:19 UTC 2026
Automated update on Sun Feb 15 02:12:22 UTC 2026
Automated update on Mon Feb 16 02:07:56 UTC 2026
Automated update on Tue Feb 17 02:05:23 UTC 2026
Automated update on Wed Feb 18 02:09:31 UTC 2026
Automated update on Thu Feb 19 02:07:58 UTC 2026
Automated update on Fri Feb 20 02:03:49 UTC 2026
Automated update on Sat Feb 21 01:58:35 UTC 2026
Automated update on Sun Feb 22 02:07:53 UTC 2026
Automated update on Mon Feb 23 02:08:49 UTC 2026
Automated update on Tue Feb 24 02:05:26 UTC 2026
Automated update on Wed Feb 25 02:07:28 UTC 2026
Automated update on Thu Feb 26 02:03:20 UTC 2026
Automated update on Fri Feb 27 02:02:21 UTC 2026
Automated update on Sat Feb 28 01:52:18 UTC 2026
Automated update on Sun Mar  1 02:21:27 UTC 2026
Automated update on Mon Mar  2 02:05:41 UTC 2026
Automated update on Tue Mar  3 02:07:10 UTC 2026
Automated update on Wed Mar  4 02:01:14 UTC 2026
Automated update on Thu Mar  5 02:04:18 UTC 2026
Automated update on Fri Mar  6 02:03:56 UTC 2026
Automated update on Sat Mar  7 01:56:18 UTC 2026
Automated update on Sun Mar  8 02:05:43 UTC 2026
Automated update on Mon Mar  9 02:07:09 UTC 2026
Automated update on Tue Mar 10 01:59:31 UTC 2026
Automated update on Wed Mar 11 01:59:17 UTC 2026
Automated update on Thu Mar 12 02:05:27 UTC 2026
Automated update on Fri Mar 13 02:02:58 UTC 2026
Automated update on Sat Mar 14 02:00:27 UTC 2026
Automated update on Sun Mar 15 02:25:39 UTC 2026
Automated update on Mon Mar 16 02:26:46 UTC 2026
Automated update on Tue Mar 17 02:05:59 UTC 2026
Automated update on Wed Mar 18 02:09:58 UTC 2026
Automated update on Thu Mar 19 02:10:50 UTC 2026
Automated update on Fri Mar 20 02:04:40 UTC 2026
Automated update on Sat Mar 21 01:58:44 UTC 2026
Automated update on Sun Mar 22 02:11:31 UTC 2026
Automated update on Mon Mar 23 02:12:05 UTC 2026
Automated update on Tue Mar 24 02:04:27 UTC 2026
Automated update on Wed Mar 25 02:09:32 UTC 2026
Automated update on Thu Mar 26 02:23:26 UTC 2026
Automated update on Fri Mar 27 02:24:33 UTC 2026
Automated update on Sat Mar 28 02:07:37 UTC 2026
Automated update on Sun Mar 29 02:27:40 UTC 2026
Automated update on Mon Mar 30 02:29:48 UTC 2026
Automated update on Tue Mar 31 02:25:03 UTC 2026
Automated update on Wed Apr  1 02:35:30 UTC 2026
Automated update on Thu Apr  2 02:13:57 UTC 2026
Automated update on Fri Apr  3 02:22:58 UTC 2026
Automated update on Sat Apr  4 02:07:56 UTC 2026
Automated update on Sun Apr  5 02:29:30 UTC 2026
Automated update on Mon Apr  6 02:30:47 UTC 2026
Automated update on Tue Apr  7 02:25:58 UTC 2026
Automated update on Wed Apr  8 02:26:39 UTC 2026
Automated update on Thu Apr  9 02:13:22 UTC 2026
Automated update on Fri Apr 10 02:32:19 UTC 2026
